[2025-11-24T18:39:49.995+0000] {taskinstance.py:1956} INFO - Dependencies all met for dep_context=non-requeueable deps ti=<TaskInstance: etl_spark_http_execution.execute_bronze_via_http scheduled__2025-11-23T00:00:00+00:00 [queued]>
[2025-11-24T18:39:50.002+0000] {taskinstance.py:1956} INFO - Dependencies all met for dep_context=requeueable deps ti=<TaskInstance: etl_spark_http_execution.execute_bronze_via_http scheduled__2025-11-23T00:00:00+00:00 [queued]>
[2025-11-24T18:39:50.003+0000] {taskinstance.py:2170} INFO - Starting attempt 2 of 2
[2025-11-24T18:39:50.015+0000] {taskinstance.py:2191} INFO - Executing <Task(PythonOperator): execute_bronze_via_http> on 2025-11-23 00:00:00+00:00
[2025-11-24T18:39:50.019+0000] {standard_task_runner.py:60} INFO - Started process 722 to run task
[2025-11-24T18:39:50.022+0000] {standard_task_runner.py:87} INFO - Running: ['airflow', 'tasks', 'run', 'etl_spark_http_execution', 'execute_bronze_via_http', 'scheduled__2025-11-23T00:00:00+00:00', '--job-id', '17', '--raw', '--subdir', 'DAGS_FOLDER/etl_spark_http_execution.py', '--cfg-path', '/tmp/tmpzppaseme']
[2025-11-24T18:39:50.024+0000] {standard_task_runner.py:88} INFO - Job 17: Subtask execute_bronze_via_http
[2025-11-24T18:39:50.088+0000] {task_command.py:423} INFO - Running <TaskInstance: etl_spark_http_execution.execute_bronze_via_http scheduled__2025-11-23T00:00:00+00:00 [running]> on host 7934b6c65b02
[2025-11-24T18:39:50.173+0000] {taskinstance.py:2480} INFO - Exporting env vars: AIRFLOW_CTX_DAG_OWNER='data-engineer' AIRFLOW_CTX_DAG_ID='etl_spark_http_execution' AIRFLOW_CTX_TASK_ID='execute_bronze_via_http' AIRFLOW_CTX_EXECUTION_DATE='2025-11-23T00:00:00+00:00' AIRFLOW_CTX_TRY_NUMBER='2' AIRFLOW_CTX_DAG_RUN_ID='scheduled__2025-11-23T00:00:00+00:00'
[2025-11-24T18:39:50.174+0000] {logging_mixin.py:188} INFO - üöÄ Submetendo bronze_script.py ao Spark Master...
[2025-11-24T18:39:50.179+0000] {logging_mixin.py:188} INFO - ‚ùå Erro de conectividade: HTTPConnectionPool(host='spark_master', port=6066): Max retries exceeded with url: /v1/submissions/create (Caused by NewConnectionError('<urllib3.connection.HTTPConnection object at 0x79a452cf7a10>: Failed to establish a new connection: [Errno 111] Connection refused'))
[2025-11-24T18:39:50.179+0000] {taskinstance.py:2698} ERROR - Task failed with exception
Traceback (most recent call last):
  File "/home/airflow/.local/lib/python3.11/site-packages/urllib3/connection.py", line 203, in _new_conn
    sock = connection.create_connection(
           ^^^^^^^^^^^^^^^^^^^^^^^^^^^^^
  File "/home/airflow/.local/lib/python3.11/site-packages/urllib3/util/connection.py", line 85, in create_connection
    raise err
  File "/home/airflow/.local/lib/python3.11/site-packages/urllib3/util/connection.py", line 73, in create_connection
    sock.connect(sa)
ConnectionRefusedError: [Errno 111] Connection refused

The above exception was the direct cause of the following exception:

Traceback (most recent call last):
  File "/home/airflow/.local/lib/python3.11/site-packages/urllib3/connectionpool.py", line 791, in urlopen
    response = self._make_request(
               ^^^^^^^^^^^^^^^^^^^
  File "/home/airflow/.local/lib/python3.11/site-packages/urllib3/connectionpool.py", line 497, in _make_request
    conn.request(
  File "/home/airflow/.local/lib/python3.11/site-packages/urllib3/connection.py", line 395, in request
    self.endheaders()
  File "/usr/local/lib/python3.11/http/client.py", line 1293, in endheaders
    self._send_output(message_body, encode_chunked=encode_chunked)
  File "/usr/local/lib/python3.11/http/client.py", line 1052, in _send_output
    self.send(msg)
  File "/usr/local/lib/python3.11/http/client.py", line 990, in send
    self.connect()
  File "/home/airflow/.local/lib/python3.11/site-packages/urllib3/connection.py", line 243, in connect
    self.sock = self._new_conn()
                ^^^^^^^^^^^^^^^^
  File "/home/airflow/.local/lib/python3.11/site-packages/urllib3/connection.py", line 218, in _new_conn
    raise NewConnectionError(
urllib3.exceptions.NewConnectionError: <urllib3.connection.HTTPConnection object at 0x79a452cf7a10>: Failed to establish a new connection: [Errno 111] Connection refused

The above exception was the direct cause of the following exception:

Traceback (most recent call last):
  File "/home/airflow/.local/lib/python3.11/site-packages/requests/adapters.py", line 486, in send
    resp = conn.urlopen(
           ^^^^^^^^^^^^^
  File "/home/airflow/.local/lib/python3.11/site-packages/urllib3/connectionpool.py", line 845, in urlopen
    retries = retries.increment(
              ^^^^^^^^^^^^^^^^^^
  File "/home/airflow/.local/lib/python3.11/site-packages/urllib3/util/retry.py", line 515, in increment
    raise MaxRetryError(_pool, url, reason) from reason  # type: ignore[arg-type]
    ^^^^^^^^^^^^^^^^^^^^^^^^^^^^^^^^^^^^^^^^^^^^^^^^^^^
urllib3.exceptions.MaxRetryError: HTTPConnectionPool(host='spark_master', port=6066): Max retries exceeded with url: /v1/submissions/create (Caused by NewConnectionError('<urllib3.connection.HTTPConnection object at 0x79a452cf7a10>: Failed to establish a new connection: [Errno 111] Connection refused'))

During handling of the above exception, another exception occurred:

Traceback (most recent call last):
  File "/opt/airflow/dags/etl_spark_http_execution.py", line 48, in execute_spark_script_via_http
    response = requests.post(spark_master_url, json=payload, timeout=30)
               ^^^^^^^^^^^^^^^^^^^^^^^^^^^^^^^^^^^^^^^^^^^^^^^^^^^^^^^^^
  File "/home/airflow/.local/lib/python3.11/site-packages/requests/api.py", line 115, in post
    return request("post", url, data=data, json=json, **kwargs)
           ^^^^^^^^^^^^^^^^^^^^^^^^^^^^^^^^^^^^^^^^^^^^^^^^^^^^
  File "/home/airflow/.local/lib/python3.11/site-packages/requests/api.py", line 59, in request
    return session.request(method=method, url=url, **kwargs)
           ^^^^^^^^^^^^^^^^^^^^^^^^^^^^^^^^^^^^^^^^^^^^^^^^^
  File "/home/airflow/.local/lib/python3.11/site-packages/requests/sessions.py", line 589, in request
    resp = self.send(prep, **send_kwargs)
           ^^^^^^^^^^^^^^^^^^^^^^^^^^^^^^
  File "/home/airflow/.local/lib/python3.11/site-packages/requests/sessions.py", line 703, in send
    r = adapter.send(request, **kwargs)
        ^^^^^^^^^^^^^^^^^^^^^^^^^^^^^^^
  File "/home/airflow/.local/lib/python3.11/site-packages/requests/adapters.py", line 519, in send
    raise ConnectionError(e, request=request)
requests.exceptions.ConnectionError: HTTPConnectionPool(host='spark_master', port=6066): Max retries exceeded with url: /v1/submissions/create (Caused by NewConnectionError('<urllib3.connection.HTTPConnection object at 0x79a452cf7a10>: Failed to establish a new connection: [Errno 111] Connection refused'))

During handling of the above exception, another exception occurred:

Traceback (most recent call last):
  File "/home/airflow/.local/lib/python3.11/site-packages/airflow/models/taskinstance.py", line 433, in _execute_task
    result = execute_callable(context=context, **execute_callable_kwargs)
             ^^^^^^^^^^^^^^^^^^^^^^^^^^^^^^^^^^^^^^^^^^^^^^^^^^^^^^^^^^^^
  File "/home/airflow/.local/lib/python3.11/site-packages/airflow/operators/python.py", line 199, in execute
    return_value = self.execute_callable()
                   ^^^^^^^^^^^^^^^^^^^^^^^
  File "/home/airflow/.local/lib/python3.11/site-packages/airflow/operators/python.py", line 216, in execute_callable
    return self.python_callable(*self.op_args, **self.op_kwargs)
           ^^^^^^^^^^^^^^^^^^^^^^^^^^^^^^^^^^^^^^^^^^^^^^^^^^^^^
  File "/opt/airflow/dags/etl_spark_http_execution.py", line 119, in <lambda>
    python_callable=lambda: execute_spark_script_via_http('bronze_script.py', 'BronzeLayerETL-HTTP'),
                            ^^^^^^^^^^^^^^^^^^^^^^^^^^^^^^^^^^^^^^^^^^^^^^^^^^^^^^^^^^^^^^^^^^^^^^^^
  File "/opt/airflow/dags/etl_spark_http_execution.py", line 75, in execute_spark_script_via_http
    raise Exception(f"Connection error submitting {script_name}: {e}")
Exception: Connection error submitting bronze_script.py: HTTPConnectionPool(host='spark_master', port=6066): Max retries exceeded with url: /v1/submissions/create (Caused by NewConnectionError('<urllib3.connection.HTTPConnection object at 0x79a452cf7a10>: Failed to establish a new connection: [Errno 111] Connection refused'))
[2025-11-24T18:39:50.197+0000] {taskinstance.py:1138} INFO - Marking task as FAILED. dag_id=etl_spark_http_execution, task_id=execute_bronze_via_http, execution_date=20251123T000000, start_date=20251124T183949, end_date=20251124T183950
[2025-11-24T18:39:50.209+0000] {standard_task_runner.py:107} ERROR - Failed to execute job 17 for task execute_bronze_via_http (Connection error submitting bronze_script.py: HTTPConnectionPool(host='spark_master', port=6066): Max retries exceeded with url: /v1/submissions/create (Caused by NewConnectionError('<urllib3.connection.HTTPConnection object at 0x79a452cf7a10>: Failed to establish a new connection: [Errno 111] Connection refused')); 722)
[2025-11-24T18:39:50.234+0000] {local_task_job_runner.py:234} INFO - Task exited with return code 1
[2025-11-24T18:39:50.259+0000] {taskinstance.py:3280} INFO - 0 downstream tasks scheduled from follow-on schedule check
