[2025-11-24T18:51:37.330+0000] {taskinstance.py:1956} INFO - Dependencies all met for dep_context=non-requeueable deps ti=<TaskInstance: etl_spark_http_execution.execute_bronze_via_http manual__2025-11-24T18:51:34.557916+00:00 [queued]>
[2025-11-24T18:51:37.337+0000] {taskinstance.py:1956} INFO - Dependencies all met for dep_context=requeueable deps ti=<TaskInstance: etl_spark_http_execution.execute_bronze_via_http manual__2025-11-24T18:51:34.557916+00:00 [queued]>
[2025-11-24T18:51:37.338+0000] {taskinstance.py:2170} INFO - Starting attempt 1 of 2
[2025-11-24T18:51:37.349+0000] {taskinstance.py:2191} INFO - Executing <Task(PythonOperator): execute_bronze_via_http> on 2025-11-24 18:51:34.557916+00:00
[2025-11-24T18:51:37.353+0000] {standard_task_runner.py:60} INFO - Started process 1274 to run task
[2025-11-24T18:51:37.357+0000] {standard_task_runner.py:87} INFO - Running: ['airflow', 'tasks', 'run', 'etl_spark_http_execution', 'execute_bronze_via_http', 'manual__2025-11-24T18:51:34.557916+00:00', '--job-id', '27', '--raw', '--subdir', 'DAGS_FOLDER/etl_spark_http_execution.py', '--cfg-path', '/tmp/tmpndch7fzq']
[2025-11-24T18:51:37.359+0000] {standard_task_runner.py:88} INFO - Job 27: Subtask execute_bronze_via_http
[2025-11-24T18:51:37.422+0000] {task_command.py:423} INFO - Running <TaskInstance: etl_spark_http_execution.execute_bronze_via_http manual__2025-11-24T18:51:34.557916+00:00 [running]> on host 7934b6c65b02
[2025-11-24T18:51:37.505+0000] {taskinstance.py:2480} INFO - Exporting env vars: AIRFLOW_CTX_DAG_OWNER='data-engineer' AIRFLOW_CTX_DAG_ID='etl_spark_http_execution' AIRFLOW_CTX_TASK_ID='execute_bronze_via_http' AIRFLOW_CTX_EXECUTION_DATE='2025-11-24T18:51:34.557916+00:00' AIRFLOW_CTX_TRY_NUMBER='1' AIRFLOW_CTX_DAG_RUN_ID='manual__2025-11-24T18:51:34.557916+00:00'
[2025-11-24T18:51:37.506+0000] {logging_mixin.py:188} INFO - üöÄ Submetendo bronze_script.py ao Spark Master...
[2025-11-24T18:51:37.522+0000] {logging_mixin.py:188} INFO - ‚ùå Falha na submiss√£o: HTTP 405
[2025-11-24T18:51:37.523+0000] {logging_mixin.py:188} INFO - Resposta: <html>
<head>
<meta http-equiv="Content-Type" content="text/html;charset=ISO-8859-1"/>
<title>Error 405 HTTP method POST is not supported by this URL</title>
</head>
<body><h2>HTTP ERROR 405 HTTP method POST is not supported by this URL</h2>
<table>
<tr><th>URI:</th><td>/v1/submissions/create</td></tr>
<tr><th>STATUS:</th><td>405</td></tr>
<tr><th>MESSAGE:</th><td>HTTP method POST is not supported by this URL</td></tr>
<tr><th>SERVLET:</th><td>org.apache.spark.ui.JettyUtils$$anon$1-4cd86581</td></tr>
</table>

</body>
</html>
[2025-11-24T18:51:37.523+0000] {logging_mixin.py:188} INFO - ‚ùå Erro geral: Failed to submit bronze_script.py
[2025-11-24T18:51:37.524+0000] {taskinstance.py:2698} ERROR - Task failed with exception
Traceback (most recent call last):
  File "/opt/airflow/dags/etl_spark_http_execution.py", line 71, in execute_spark_script_via_http
    raise Exception(f"Failed to submit {script_name}")
Exception: Failed to submit bronze_script.py

During handling of the above exception, another exception occurred:

Traceback (most recent call last):
  File "/home/airflow/.local/lib/python3.11/site-packages/airflow/models/taskinstance.py", line 433, in _execute_task
    result = execute_callable(context=context, **execute_callable_kwargs)
             ^^^^^^^^^^^^^^^^^^^^^^^^^^^^^^^^^^^^^^^^^^^^^^^^^^^^^^^^^^^^
  File "/home/airflow/.local/lib/python3.11/site-packages/airflow/operators/python.py", line 199, in execute
    return_value = self.execute_callable()
                   ^^^^^^^^^^^^^^^^^^^^^^^
  File "/home/airflow/.local/lib/python3.11/site-packages/airflow/operators/python.py", line 216, in execute_callable
    return self.python_callable(*self.op_args, **self.op_kwargs)
           ^^^^^^^^^^^^^^^^^^^^^^^^^^^^^^^^^^^^^^^^^^^^^^^^^^^^^
  File "/opt/airflow/dags/etl_spark_http_execution.py", line 119, in <lambda>
    python_callable=lambda: execute_spark_script_via_http('bronze_script.py', 'BronzeLayerETL-HTTP'),
                            ^^^^^^^^^^^^^^^^^^^^^^^^^^^^^^^^^^^^^^^^^^^^^^^^^^^^^^^^^^^^^^^^^^^^^^^^
  File "/opt/airflow/dags/etl_spark_http_execution.py", line 78, in execute_spark_script_via_http
    raise Exception(f"Error submitting {script_name}: {e}")
Exception: Error submitting bronze_script.py: Failed to submit bronze_script.py
[2025-11-24T18:51:37.540+0000] {taskinstance.py:1138} INFO - Marking task as UP_FOR_RETRY. dag_id=etl_spark_http_execution, task_id=execute_bronze_via_http, execution_date=20251124T185134, start_date=20251124T185137, end_date=20251124T185137
[2025-11-24T18:51:37.552+0000] {standard_task_runner.py:107} ERROR - Failed to execute job 27 for task execute_bronze_via_http (Error submitting bronze_script.py: Failed to submit bronze_script.py; 1274)
[2025-11-24T18:51:37.570+0000] {local_task_job_runner.py:234} INFO - Task exited with return code 1
[2025-11-24T18:51:37.595+0000] {taskinstance.py:3280} INFO - 0 downstream tasks scheduled from follow-on schedule check
